// Jest Snapshot v1, https://goo.gl/fbAQLP

exports[`renders properly for a feature article 1`] = `
.c1 {
  font-family: Unica77LLWebMedium,'Helvetica Neue',Helvetica,Arial,sans-serif;
  font-weight: 500;
  font-size: 14px;
  line-height: 24px;
  color: #000;
}

.c0 a {
  color: #000;
  -webkit-text-decoration: none;
  text-decoration: none;
}

<div
  className="c0 c1"
  color="#000"
  fontFamily={
    Object {
      "fontFamily": "Unica77LLWebMedium, 'Helvetica Neue', Helvetica, Arial, sans-serif",
      "fontWeight": 500,
    }
  }
  fontSize="14px"
>
  <span>
    Creativity
  </span>
</div>
`;

exports[`renders properly for a standard article 1`] = `
.c1 {
  font-family: Unica77LLWebMedium,'Helvetica Neue',Helvetica,Arial,sans-serif;
  font-weight: 500;
  font-size: 14px;
  line-height: 24px;
  color: #000;
}

.c0 a {
  color: #000;
  -webkit-text-decoration: none;
  text-decoration: none;
}

<div
  className="c0 c1"
  color="#000"
  fontFamily={
    Object {
      "fontFamily": "Unica77LLWebMedium, 'Helvetica Neue', Helvetica, Arial, sans-serif",
      "fontWeight": 500,
    }
  }
  fontSize="14px"
>
  <span>
    Creativity
  </span>
</div>
`;
