// Jest Snapshot v1, https://goo.gl/fbAQLP

exports[`RelatedArticlesCanvas renders the related articles canvas 1`] = `
.c0 {
  display: -webkit-box;
  display: -webkit-flex;
  display: -ms-flexbox;
  display: flex;
  -webkit-flex-direction: column;
  -ms-flex-direction: column;
  flex-direction: column;
  max-width: 1250px;
  margin-bottom: 128px;
  margin-top: 32px;
  margin-left: auto;
  margin-right: auto;
}

.c2 {
  font-family: Unica77LLWebRegular,'Helvetica Neue',Helvetica,Arial,sans-serif;
  font-size: 22px;
  line-height: 30px;
}

.c8 {
  font-family: 'Adobe Garamond W08','adobe-garamond-pro','AGaramondPro-Regular','Times New Roman',Times,serif;
  font-size: 16px;
  line-height: 20px;
}

.c10 {
  font-family: Unica77LLWebMedium,'Helvetica Neue',Helvetica,Arial,sans-serif;
  font-weight: 500;
  font-size: 12px;
  line-height: 16px;
}

.c11 {
  margin: 10px 20px 0 0;
}

.c11::before {
  content: "";
  display: inline-block;
  width: 8px;
  height: 8px;
  border-radius: 50%;
  margin: 0 5px 1px 0;
  background-color: black;
}

.c12 {
  margin: 5px 20px 0 0;
  white-space: nowrap;
}

.c9 {
  display: -webkit-box;
  display: -webkit-flex;
  display: -ms-flexbox;
  display: flex;
  -webkit-flex-wrap: wrap;
  -ms-flex-wrap: wrap;
  flex-wrap: wrap;
  -webkit-align-items: flex-end;
  -webkit-box-align: flex-end;
  -ms-flex-align: flex-end;
  align-items: flex-end;
  color: black;
}

.c6 {
  display: -webkit-box;
  display: -webkit-flex;
  display: -ms-flexbox;
  display: flex;
  -webkit-flex-direction: column;
  -ms-flex-direction: column;
  flex-direction: column;
  color: black;
  -webkit-text-decoration: none;
  text-decoration: none;
}

.c5 {
  display: -webkit-box;
  display: -webkit-flex;
  display: -ms-flexbox;
  display: flex;
  -webkit-flex-direction: column;
  -ms-flex-direction: column;
  flex-direction: column;
  width: 278px;
  -webkit-text-decoration: none;
  text-decoration: none;
  color: black;
}

.c7 {
  display: block;
  width: 278px;
  height: 185px;
  margin-bottom: 10px;
  object-fit: cover;
}

.c1 {
  margin-bottom: 20px;
}

.c4 {
  display: -webkit-box;
  display: -webkit-flex;
  display: -ms-flexbox;
  display: flex;
  -webkit-box-pack: justify;
  -webkit-justify-content: space-between;
  -ms-flex-pack: justify;
  justify-content: space-between;
  overflow-x: scroll;
}

.c4::-webkit-scrollbar {
  display: none;
}

.c4 a {
  margin-right: 30px;
}

.c4 a:last-child {
  margin-right: 0;
}

@media screen and (min-width:40em) {
  .c2 {
    font-size: 28px;
  }
}

@media screen and (min-width:40em) {
  .c2 {
    line-height: 36px;
  }
}

@media (max-width:720px) {
  .c5 {
    width: 225px;
  }
}

@media (max-width:720px) {
  .c7 {
    width: 225px;
    height: 150px;
  }
}

@media (max-width:1280px) {
  .c1 {
    margin: 0 20px 30px 40px;
  }
}

@media (max-width:720px) {
  .c1 {
    margin-left: 20px;
  }
}

@media (max-width:720px) {
  .c3 {
    display: block;
  }
}

@media (max-width:1280px) {
  .c4 a {
    margin: 0 10px;
  }

  .c4 a:first-child {
    margin-left: 40px;
  }

  .c4 a:last-child {
    border-right: 20px solid white;
  }
}

@media (max-width:720px) {
  .c4 a:first-child {
    margin-left: 20px;
  }
}

<div
  className="c0"
>
  <div
    className="c1 c2"
    fontFamily="Unica77LLWebRegular, 'Helvetica Neue', Helvetica, Arial, sans-serif"
    fontSize={
      Array [
        "22px",
        "28px",
      ]
    }
  >
    Further reading in 
    <span
      className="c3"
    >
      Art Market
    </span>
  </div>
  <span
    style={
      Object {
        "fontSize": 0,
      }
    }
  />
  <div
    className="c4"
  >
    <a
      className="c5"
      href="/article/artsy-editorial-15-top-art-schools-united-states"
      onClick={[Function]}
    >
      <div
        className="c6"
      >
        <img
          alt="The 15 Top Art Schools in the United States"
          className="c7"
          src="https://d7hftxdivxxvm.cloudfront.net?resize_to=fill&src=https%3A%2F%2Fartsy-media-uploads.s3.amazonaws.com%2F4Tq-iYkN8dOpshFoKRXyYw%252Fcustom-Custom_Size___PoetterHall_Exterior%2Bcopy.jpg&width=510&height=340&quality=95"
        />
        <div
          className="c8"
          fontFamily="'Adobe Garamond W08', 'adobe-garamond-pro', 'AGaramondPro-Regular', 'Times New Roman', Times, serif"
          fontSize="16px"
        >
          The 15 Top Art Schools in the United States
        </div>
      </div>
      <div
        className="Byline c9"
        color="black"
      >
        <div
          className="c10"
          fontFamily={
            Object {
              "fontFamily": "Unica77LLWebMedium, 'Helvetica Neue', Helvetica, Arial, sans-serif",
              "fontWeight": 500,
            }
          }
          fontSize="12px"
        >
          <div
            className="c11"
            color="black"
          >
            Anna Louis-Sussman and Kana Abe
          </div>
        </div>
        <div
          className="c12"
        >
          <div
            className="c10"
            fontFamily={
              Object {
                "fontFamily": "Unica77LLWebMedium, 'Helvetica Neue', Helvetica, Arial, sans-serif",
                "fontWeight": 500,
              }
            }
            fontSize="12px"
          >
            May 19, 2017
          </div>
        </div>
      </div>
    </a>
    <a
      className="c5"
      href="/article/artsy-editorial-four-years-walter-de-marias-death-final-work-complete"
      onClick={[Function]}
    >
      <div
        className="c6"
      >
        <img
          alt="Four Years after Walter De Maria’s Death, His Final Work Is Complete"
          className="c7"
          src="https://d7hftxdivxxvm.cloudfront.net?resize_to=fill&src=https%3A%2F%2Fartsy-media-uploads.s3.amazonaws.com%2F6IqxBTQCkExip2auQ7ZWCA%252FDEMAR-2011.0006-B.jpg&width=510&height=340&quality=95"
        />
        <div
          className="c8"
          fontFamily="'Adobe Garamond W08', 'adobe-garamond-pro', 'AGaramondPro-Regular', 'Times New Roman', Times, serif"
          fontSize="16px"
        >
          Four Years after Walter De Maria’s Death, His Final Work Is Complete
        </div>
      </div>
      <div
        className="Byline c9"
        color="black"
      >
        <div
          className="c10"
          fontFamily={
            Object {
              "fontFamily": "Unica77LLWebMedium, 'Helvetica Neue', Helvetica, Arial, sans-serif",
              "fontWeight": 500,
            }
          }
          fontSize="12px"
        >
          <div
            className="c11"
            color="black"
          >
            Halley Johnson
          </div>
        </div>
        <div
          className="c12"
        >
          <div
            className="c10"
            fontFamily={
              Object {
                "fontFamily": "Unica77LLWebMedium, 'Helvetica Neue', Helvetica, Arial, sans-serif",
                "fontWeight": 500,
              }
            }
            fontSize="12px"
          >
            May 19, 2017
          </div>
        </div>
      </div>
    </a>
    <a
      className="c5"
      href="/series/artsy-editorial-french-art-history-in-a-nutshell"
      onClick={[Function]}
    >
      <div
        className="c6"
      >
        <img
          alt="French Art History in a Nutshell"
          className="c7"
          src="https://d7hftxdivxxvm.cloudfront.net?resize_to=fill&src=https%3A%2F%2Fartsy-media-uploads.s3.amazonaws.com%2FlEcCm2XbfZ7bPAVgLlM21w%252Flarger-21.jpg&width=510&height=340&quality=95"
        />
        <div
          className="c8"
          fontFamily="'Adobe Garamond W08', 'adobe-garamond-pro', 'AGaramondPro-Regular', 'Times New Roman', Times, serif"
          fontSize="16px"
        >
          French Art History in a Nutshell
        </div>
      </div>
      <div
        className="Byline c9"
        color="black"
      >
        <div
          className="c10"
          fontFamily={
            Object {
              "fontFamily": "Unica77LLWebMedium, 'Helvetica Neue', Helvetica, Arial, sans-serif",
              "fontWeight": 500,
            }
          }
          fontSize="12px"
        >
          <div
            className="c11"
            color="black"
          >
            Casey Lesser
          </div>
        </div>
        <div
          className="c12"
        >
          <div
            className="c10"
            fontFamily={
              Object {
                "fontFamily": "Unica77LLWebMedium, 'Helvetica Neue', Helvetica, Arial, sans-serif",
                "fontWeight": 500,
              }
            }
            fontSize="12px"
          >
            May 19, 2017
          </div>
        </div>
      </div>
    </a>
    <a
      className="c5"
      href="/news/artsy-editorial-miami-artists-museums-brace-hurricane-irma"
      onClick={[Function]}
    >
      <div
        className="c6"
      >
        <img
          alt="Miami Artists and Museums Brace for Hurricane Irma"
          className="c7"
          src="https://d7hftxdivxxvm.cloudfront.net?resize_to=fill&src=https%3A%2F%2Fartsy-media-uploads.s3.amazonaws.com%2FjAu4NaKnr_m53OnnMaDe_w%252Fmag.jpg&width=510&height=340&quality=95"
        />
        <div
          className="c8"
          fontFamily="'Adobe Garamond W08', 'adobe-garamond-pro', 'AGaramondPro-Regular', 'Times New Roman', Times, serif"
          fontSize="16px"
        >
          Miami Artists and Museums Brace for Hurricane Irma
        </div>
      </div>
      <div
        className="Byline c9"
        color="black"
      >
        <div
          className="c10"
          fontFamily={
            Object {
              "fontFamily": "Unica77LLWebMedium, 'Helvetica Neue', Helvetica, Arial, sans-serif",
              "fontWeight": 500,
            }
          }
          fontSize="12px"
        >
          <div
            className="c11"
            color="black"
          >
            Owen Dodd
          </div>
        </div>
        <div
          className="c12"
        >
          <div
            className="c10"
            fontFamily={
              Object {
                "fontFamily": "Unica77LLWebMedium, 'Helvetica Neue', Helvetica, Arial, sans-serif",
                "fontWeight": 500,
              }
            }
            fontSize="12px"
          >
            May 19, 2017
          </div>
        </div>
      </div>
    </a>
  </div>
</div>
`;
